Category: 📺央视频道, Name: CCTV-1, Total: 2, Valid: 2, Valid Percent: 100.00%, Whitelist: 0, IPv4: 2, IPv6: 0, Min Delay: 248 ms, Max Speed: 4.14 M/s, Avg Speed: 4.14 M/s, Max Resolution: 1280x720
Category: 📺央视频道, Name: CCTV-2, Total: 10, Valid: 10, Valid Percent: 100.00%, Whitelist: 0, IPv4: 10, IPv6: 0, Min Delay: 220 ms, Max Speed: 5.01 M/s, Avg Speed: 4.26 M/s, Max Resolution: 1280x720
Category: 📺央视频道, Name: CCTV-3, Total: 15, Valid: 15, Valid Percent: 100.00%, Whitelist: 0, IPv4: 15, IPv6: 0, Min Delay: 66 ms, Max Speed: 80.43 M/s, Avg Speed: 44.15 M/s, Max Resolution: 1920x1080
Category: 📺央视频道, Name: CCTV-4, Total: 13, Valid: 13, Valid Percent: 100.00%, Whitelist: 0, IPv4: 13, IPv6: 0, Min Delay: 66 ms, Max Speed: 80.43 M/s, Avg Speed: 33.56 M/s, Max Resolution: 1920x1080
Category: 📺央视频道, Name: CCTV-5, Total: 25, Valid: 25, Valid Percent: 100.00%, Whitelist: 0, IPv4: 25, IPv6: 0, Min Delay: 66 ms, Max Speed: 80.43 M/s, Avg Speed: 19.61 M/s, Max Resolution: 1920x1080
Category: 📺央视频道, Name: CCTV-5+, Total: 8, Valid: 8, Valid Percent: 100.00%, Whitelist: 0, IPv4: 8, IPv6: 0, Min Delay: 220 ms, Max Speed: 5.58 M/s, Avg Speed: 4.67 M/s, Max Resolution: 1920x1080
Category: 📺央视频道, Name: CCTV-6, Total: 19, Valid: 19, Valid Percent: 100.00%, Whitelist: 0, IPv4: 19, IPv6: 0, Min Delay: 66 ms, Max Speed: 80.43 M/s, Avg Speed: 32.25 M/s, Max Resolution: 1920x1080
Category: 📺央视频道, Name: CCTV-7, Total: 23, Valid: 23, Valid Percent: 100.00%, Whitelist: 0, IPv4: 23, IPv6: 0, Min Delay: 66 ms, Max Speed: 80.43 M/s, Avg Speed: 27.30 M/s, Max Resolution: 1920x1080
Category: 📺央视频道, Name: CCTV-8, Total: 26, Valid: 26, Valid Percent: 100.00%, Whitelist: 0, IPv4: 26, IPv6: 0, Min Delay: 66 ms, Max Speed: 80.43 M/s, Avg Speed: 22.16 M/s, Max Resolution: 1920x1080
Category: 📺央视频道, Name: CCTV-9, Total: 24, Valid: 24, Valid Percent: 100.00%, Whitelist: 0, IPv4: 24, IPv6: 0, Min Delay: 66 ms, Max Speed: 80.43 M/s, Avg Speed: 26.43 M/s, Max Resolution: 1920x1080
Category: 📺央视频道, Name: CCTV-10, Total: 27, Valid: 27, Valid Percent: 100.00%, Whitelist: 0, IPv4: 27, IPv6: 0, Min Delay: 66 ms, Max Speed: 80.43 M/s, Avg Speed: 23.59 M/s, Max Resolution: 1920x1080
Category: 📺央视频道, Name: CCTV-11, Total: 20, Valid: 20, Valid Percent: 100.00%, Whitelist: 0, IPv4: 20, IPv6: 0, Min Delay: 66 ms, Max Speed: 80.43 M/s, Avg Speed: 27.33 M/s, Max Resolution: 1920x1080
Category: 📺央视频道, Name: CCTV-12, Total: 21, Valid: 21, Valid Percent: 100.00%, Whitelist: 0, IPv4: 21, IPv6: 0, Min Delay: 66 ms, Max Speed: 80.43 M/s, Avg Speed: 29.86 M/s, Max Resolution: 1920x1080
Category: 📺央视频道, Name: CCTV-13, Total: 19, Valid: 19, Valid Percent: 100.00%, Whitelist: 0, IPv4: 19, IPv6: 0, Min Delay: 66 ms, Max Speed: 80.43 M/s, Avg Speed: 32.49 M/s, Max Resolution: 1920x1080
Category: 📺央视频道, Name: CCTV-14, Total: 26, Valid: 26, Valid Percent: 100.00%, Whitelist: 0, IPv4: 23, IPv6: 3, Min Delay: 66 ms, Max Speed: 80.43 M/s, Avg Speed: 24.63 M/s, Max Resolution: 1920x1080
Category: 📺央视频道, Name: CCTV-15, Total: 23, Valid: 23, Valid Percent: 100.00%, Whitelist: 0, IPv4: 23, IPv6: 0, Min Delay: 66 ms, Max Speed: 80.43 M/s, Avg Speed: 27.75 M/s, Max Resolution: 1920x1080
Category: 📺央视频道, Name: CCTV-16, Total: 19, Valid: 19, Valid Percent: 100.00%, Whitelist: 0, IPv4: 19, IPv6: 0, Min Delay: 66 ms, Max Speed: 80.43 M/s, Avg Speed: 20.85 M/s, Max Resolution: 1920x1080
Category: 📺央视频道, Name: CCTV-17, Total: 20, Valid: 20, Valid Percent: 100.00%, Whitelist: 0, IPv4: 20, IPv6: 0, Min Delay: 66 ms, Max Speed: 80.43 M/s, Avg Speed: 31.35 M/s, Max Resolution: 1920x1080
Category: 📡卫视频道, Name: 广东卫视, Total: 17, Valid: 17, Valid Percent: 100.00%, Whitelist: 0, IPv4: 17, IPv6: 0, Min Delay: 66 ms, Max Speed: 80.43 M/s, Avg Speed: 36.05 M/s, Max Resolution: 1920x1080
Category: 📡卫视频道, Name: 浙江卫视, Total: 22, Valid: 22, Valid Percent: 100.00%, Whitelist: 0, IPv4: 20, IPv6: 2, Min Delay: 66 ms, Max Speed: 80.43 M/s, Avg Speed: 23.99 M/s, Max Resolution: 1920x1080
Category: 📡卫视频道, Name: 湖南卫视, Total: 24, Valid: 24, Valid Percent: 100.00%, Whitelist: 0, IPv4: 24, IPv6: 0, Min Delay: 66 ms, Max Speed: 80.43 M/s, Avg Speed: 28.25 M/s, Max Resolution: 1920x1080
Category: 📡卫视频道, Name: 北京卫视, Total: 18, Valid: 18, Valid Percent: 100.00%, Whitelist: 0, IPv4: 18, IPv6: 0, Min Delay: 66 ms, Max Speed: 80.43 M/s, Avg Speed: 29.36 M/s, Max Resolution: 1920x1080
Category: 📡卫视频道, Name: 湖北卫视, Total: 17, Valid: 17, Valid Percent: 100.00%, Whitelist: 0, IPv4: 17, IPv6: 0, Min Delay: 66 ms, Max Speed: 80.43 M/s, Avg Speed: 35.52 M/s, Max Resolution: 1920x1080
Category: 📡卫视频道, Name: 黑龙江卫视, Total: 16, Valid: 16, Valid Percent: 100.00%, Whitelist: 0, IPv4: 16, IPv6: 0, Min Delay: 66 ms, Max Speed: 80.43 M/s, Avg Speed: 37.40 M/s, Max Resolution: 1920x1080
Category: 📡卫视频道, Name: 安徽卫视, Total: 17, Valid: 17, Valid Percent: 100.00%, Whitelist: 0, IPv4: 17, IPv6: 0, Min Delay: 66 ms, Max Speed: 80.43 M/s, Avg Speed: 35.51 M/s, Max Resolution: 1920x1080
Category: 📡卫视频道, Name: 重庆卫视, Total: 18, Valid: 18, Valid Percent: 100.00%, Whitelist: 0, IPv4: 18, IPv6: 0, Min Delay: 66 ms, Max Speed: 80.43 M/s, Avg Speed: 38.02 M/s, Max Resolution: 1920x1080
Category: 📡卫视频道, Name: 东方卫视, Total: 20, Valid: 20, Valid Percent: 100.00%, Whitelist: 0, IPv4: 20, IPv6: 0, Min Delay: 66 ms, Max Speed: 80.43 M/s, Avg Speed: 36.82 M/s, Max Resolution: 1920x1080
Category: 📡卫视频道, Name: 东南卫视, Total: 19, Valid: 19, Valid Percent: 100.00%, Whitelist: 0, IPv4: 17, IPv6: 2, Min Delay: 66 ms, Max Speed: 80.43 M/s, Avg Speed: 39.81 M/s, Max Resolution: 1920x1080
Category: 📡卫视频道, Name: 甘肃卫视, Total: 12, Valid: 12, Valid Percent: 100.00%, Whitelist: 0, IPv4: 11, IPv6: 1, Min Delay: 66 ms, Max Speed: 80.43 M/s, Avg Speed: 48.61 M/s, Max Resolution: 1920x1080
Category: 📡卫视频道, Name: 广西卫视, Total: 19, Valid: 18, Valid Percent: 94.74%, Whitelist: 0, IPv4: 17, IPv6: 2, Min Delay: 66 ms, Max Speed: 80.43 M/s, Avg Speed: 41.94 M/s, Max Resolution: 1920x1080
Category: 📡卫视频道, Name: 贵州卫视, Total: 18, Valid: 18, Valid Percent: 100.00%, Whitelist: 0, IPv4: 18, IPv6: 0, Min Delay: 66 ms, Max Speed: 80.43 M/s, Avg Speed: 46.56 M/s, Max Resolution: 1920x1080
Category: 📡卫视频道, Name: 海南卫视, Total: 11, Valid: 11, Valid Percent: 100.00%, Whitelist: 0, IPv4: 11, IPv6: 0, Min Delay: 66 ms, Max Speed: 80.43 M/s, Avg Speed: 52.41 M/s, Max Resolution: 1920x1080
Category: 📡卫视频道, Name: 河北卫视, Total: 19, Valid: 19, Valid Percent: 100.00%, Whitelist: 0, IPv4: 19, IPv6: 0, Min Delay: 66 ms, Max Speed: 80.43 M/s, Avg Speed: 40.19 M/s, Max Resolution: 1920x1080
Category: 📡卫视频道, Name: 河南卫视, Total: 20, Valid: 20, Valid Percent: 100.00%, Whitelist: 0, IPv4: 20, IPv6: 0, Min Delay: 66 ms, Max Speed: 80.43 M/s, Avg Speed: 42.24 M/s, Max Resolution: 1920x1080
Category: 📡卫视频道, Name: 吉林卫视, Total: 14, Valid: 14, Valid Percent: 100.00%, Whitelist: 0, IPv4: 14, IPv6: 0, Min Delay: 66 ms, Max Speed: 80.43 M/s, Avg Speed: 36.89 M/s, Max Resolution: 1920x1080
Category: 📡卫视频道, Name: 江苏卫视, Total: 23, Valid: 23, Valid Percent: 100.00%, Whitelist: 0, IPv4: 23, IPv6: 0, Min Delay: 66 ms, Max Speed: 80.43 M/s, Avg Speed: 28.54 M/s, Max Resolution: 1920x1080
Category: 📡卫视频道, Name: 江西卫视, Total: 16, Valid: 16, Valid Percent: 100.00%, Whitelist: 0, IPv4: 16, IPv6: 0, Min Delay: 66 ms, Max Speed: 80.43 M/s, Avg Speed: 37.40 M/s, Max Resolution: 1920x1080
Category: 📡卫视频道, Name: 辽宁卫视, Total: 18, Valid: 18, Valid Percent: 100.00%, Whitelist: 0, IPv4: 18, IPv6: 0, Min Delay: 66 ms, Max Speed: 80.43 M/s, Avg Speed: 37.94 M/s, Max Resolution: 1920x1080
Category: 📡卫视频道, Name: 内蒙古卫视, Total: 16, Valid: 16, Valid Percent: 100.00%, Whitelist: 0, IPv4: 14, IPv6: 2, Min Delay: 66 ms, Max Speed: 80.43 M/s, Avg Speed: 27.26 M/s, Max Resolution: 1920x1080
Category: 📡卫视频道, Name: 宁夏卫视, Total: 13, Valid: 13, Valid Percent: 100.00%, Whitelist: 0, IPv4: 13, IPv6: 0, Min Delay: 66 ms, Max Speed: 80.43 M/s, Avg Speed: 39.78 M/s, Max Resolution: 1920x1080
Category: 📡卫视频道, Name: 青海卫视, Total: 18, Valid: 18, Valid Percent: 100.00%, Whitelist: 0, IPv4: 16, IPv6: 2, Min Delay: 66 ms, Max Speed: 80.43 M/s, Avg Speed: 37.82 M/s, Max Resolution: 1920x1080
Category: 📡卫视频道, Name: 山东卫视, Total: 18, Valid: 18, Valid Percent: 100.00%, Whitelist: 0, IPv4: 18, IPv6: 0, Min Delay: 66 ms, Max Speed: 80.43 M/s, Avg Speed: 33.73 M/s, Max Resolution: 1920x1080
Category: 📡卫视频道, Name: 山西卫视, Total: 12, Valid: 12, Valid Percent: 100.00%, Whitelist: 0, IPv4: 12, IPv6: 0, Min Delay: 66 ms, Max Speed: 80.43 M/s, Avg Speed: 36.11 M/s, Max Resolution: 1920x1080
Category: 📡卫视频道, Name: 陕西卫视, Total: 12, Valid: 12, Valid Percent: 100.00%, Whitelist: 0, IPv4: 12, IPv6: 0, Min Delay: 66 ms, Max Speed: 80.43 M/s, Avg Speed: 23.52 M/s, Max Resolution: 1920x1080
Category: 📡卫视频道, Name: 四川卫视, Total: 19, Valid: 19, Valid Percent: 100.00%, Whitelist: 0, IPv4: 19, IPv6: 0, Min Delay: 66 ms, Max Speed: 80.43 M/s, Avg Speed: 44.19 M/s, Max Resolution: 1920x1080
Category: 📡卫视频道, Name: 深圳卫视, Total: 20, Valid: 20, Valid Percent: 100.00%, Whitelist: 0, IPv4: 20, IPv6: 0, Min Delay: 66 ms, Max Speed: 80.43 M/s, Avg Speed: 30.21 M/s, Max Resolution: 1920x1080
Category: 📡卫视频道, Name: 三沙卫视, Total: 11, Valid: 11, Valid Percent: 100.00%, Whitelist: 0, IPv4: 11, IPv6: 0, Min Delay: 66 ms, Max Speed: 80.43 M/s, Avg Speed: 46.06 M/s, Max Resolution: 1920x1080
Category: 📡卫视频道, Name: 天津卫视, Total: 17, Valid: 17, Valid Percent: 100.00%, Whitelist: 0, IPv4: 17, IPv6: 0, Min Delay: 66 ms, Max Speed: 80.43 M/s, Avg Speed: 30.57 M/s, Max Resolution: 1920x1080
Category: 📡卫视频道, Name: 西藏卫视, Total: 14, Valid: 14, Valid Percent: 100.00%, Whitelist: 0, IPv4: 12, IPv6: 2, Min Delay: 66 ms, Max Speed: 80.43 M/s, Avg Speed: 30.41 M/s, Max Resolution: 1920x1080
Category: 📡卫视频道, Name: 新疆卫视, Total: 17, Valid: 17, Valid Percent: 100.00%, Whitelist: 0, IPv4: 16, IPv6: 1, Min Delay: 66 ms, Max Speed: 80.43 M/s, Avg Speed: 25.81 M/s, Max Resolution: 1920x1080
Category: 📡卫视频道, Name: 云南卫视, Total: 21, Valid: 21, Valid Percent: 100.00%, Whitelist: 0, IPv4: 20, IPv6: 1, Min Delay: 66 ms, Max Speed: 80.43 M/s, Avg Speed: 36.15 M/s, Max Resolution: 1920x1080
